123
456
[2,3,4]
123
456
[2,3,4]
